// Jest Snapshot v1, https://goo.gl/fbAQLP

exports[`Should match the snapshot 1`] = `
<DocumentFragment>
  <footer
    class="footer py-1"
  >
    <div
      class="content has-text-right"
    >
      <span
        class="is-size-7"
      >
        sha: sha, build: date
      </span>
    </div>
  </footer>
</DocumentFragment>
`;
