// Jest Snapshot v1, https://goo.gl/fbAQLP

exports[`EditCategoryPage should match the snapshot for an existing category 1`] = `
<DocumentFragment>
  <div
    class="container"
  >
    <nav
      aria-label="breadcrumbs"
      class="breadcrumb"
    >
      <ul>
        <li>
          <a
            href="/"
          >
            Home
          </a>
        </li>
        <li>
          <a
            href="/categories"
          >
            Categories
          </a>
        </li>
        <li
          class="is-active"
        >
          <a
            aria-current="page"
            href="/categories/2"
          >
            category name
          </a>
        </li>
      </ul>
    </nav>
    <h3
      class="title"
    >
      Edit category 'category name'
    </h3>
    <form
      action="#"
    >
      <div
        class="field"
      >
        <label
          class="label"
          for="name"
        >
          Name
        </label>
        <div
          class="control"
        >
          <input
            data-testid="name"
            name="name"
            type="text"
            value="category name"
          />
        </div>
        <p
          class="help is-danger"
          data-testid="nameErrors"
        />
      </div>
      <div
        class="field"
      >
        <label
          class="label"
          for="description"
        >
          Description
        </label>
        <div
          class="control"
        >
          <input
            data-testid="description"
            name="description"
            type="text"
            value="category description"
          />
        </div>
        <p
          class="help is-danger"
          data-testid="descriptionErrors"
        />
      </div>
      <div
        class="field is-grouped"
      >
        <div
          class="control"
        >
          <button
            class="button"
            data-testid="submit"
            type="submit"
          >
            SAVE
          </button>
        </div>
        <div
          class="control"
        >
          <button
            class="button"
            data-testid="cancel"
            type="button"
          >
            CANCEL
          </button>
        </div>
      </div>
    </form>
  </div>
</DocumentFragment>
`;
