// Jest Snapshot v1, https://goo.gl/fbAQLP

exports[`should match the snapshot 1`] = `
<DocumentFragment>
  <div
    class="container"
  >
    <h3
      class="title"
    >
      Refresh Tokens
    </h3>
    <nav
      aria-label="breadcrumbs"
      class="breadcrumb"
    >
      <ul>
        <li>
          <a
            href="/"
          >
            Home
          </a>
        </li>
        <li
          class="is-active"
        >
          <a
            aria-current="page"
            href="/refreshtokens"
          >
            Refresh Tokens
          </a>
        </li>
      </ul>
    </nav>
    <div
      class="buttons"
    >
      <button
        class="button is-danger"
        data-testid="deleteSelected"
      >
        Delete Selected
      </button>
    </div>
    <div>
      <table
        class="table"
      >
        <thead>
          <tr>
            <td
              data-testid="header-id"
            >
              <span
                class="icon is-inline"
              >
                ID
                <i
                  class="ml-1 fas fa-thin fa-sort-down"
                />
              </span>
            </td>
            <td
              data-testid="header-userId"
            >
              <span
                class="icon is-inline"
              >
                User ID
              </span>
            </td>
            <td
              data-testid="header-expirationDate"
            >
              <span
                class="icon is-inline"
              >
                Expiration Date
              </span>
            </td>
            <td>
              <center>
                <input
                  data-testid="toggleSelectAll"
                  type="checkbox"
                />
              </center>
            </td>
          </tr>
        </thead>
        <tbody>
          <tr>
            <td>
              1
            </td>
            <td>
              1
            </td>
            <td>
              2021-01-29T16:46:58Z
            </td>
            <td>
              <center>
                <input
                  data-testid="checkBoxItem1"
                  type="checkbox"
                />
              </center>
            </td>
          </tr>
          <tr>
            <td>
              2
            </td>
            <td>
              2
            </td>
            <td>
              2021-03-29T16:46:58Z
            </td>
            <td>
              <center>
                <input
                  data-testid="checkBoxItem2"
                  type="checkbox"
                />
              </center>
            </td>
          </tr>
          <tr>
            <td>
              3
            </td>
            <td>
              1
            </td>
            <td>
              2021-04-29T16:46:58Z
            </td>
            <td>
              <center>
                <input
                  data-testid="checkBoxItem3"
                  type="checkbox"
                />
              </center>
            </td>
          </tr>
        </tbody>
      </table>
      <div
        class="level"
      >
        <div
          class="level-left"
        >
          <div
            class="ml-3 level-item"
          >
            <input
              class="pageNumber"
              data-testid="pagenumber-input"
              min="1"
              type="number"
              value="1"
            />
            <span
              class="icon"
            >
              <i
                class="fas fa-thin fa-forward"
              />
            </span>
          </div>
          <div
            class="ml-3 level-item"
          >
            <span>
              Per page: 
            </span>
            <select
              data-testid="pagesize-select"
            >
              <option
                value="5"
              >
                5
              </option>
              <option
                value="10"
              >
                10
              </option>
              <option
                value="20"
              >
                20
              </option>
            </select>
          </div>
        </div>
      </div>
    </div>
  </div>
</DocumentFragment>
`;
