// Jest Snapshot v1, https://goo.gl/fbAQLP

exports[`should match the snapshot for an existing list 1`] = `
<DocumentFragment>
  <div
    class="container"
  >
    <h3
      class="title"
    >
      Edit list 'list name'
    </h3>
    <nav
      aria-label="breadcrumbs"
      class="breadcrumb"
    >
      <ul>
        <li>
          <a
            href="/"
          >
            Home
          </a>
        </li>
        <li>
          <a
            href="/lists"
          >
            Lists
          </a>
        </li>
        <li
          class="is-active"
        >
          <a
            aria-current="page"
            href="/lists/2"
          >
            list name
          </a>
        </li>
      </ul>
    </nav>
    <form
      action="#"
    >
      <div
        class="field"
      >
        <label
          class="label"
          for="name"
        >
          Name
        </label>
        <div
          class="control"
        >
          <input
            data-testid="name"
            name="name"
            type="text"
            value="list name"
          />
        </div>
        <p
          class="help is-danger"
          data-testid="nameErrors"
        />
      </div>
      <div>
        <div
          class="is-flex"
        >
          <div
            class="is-flex-grow-4"
          >
            <span
              class="label"
            >
              List Items
            </span>
          </div>
        </div>
        <div
          class="dnd-container"
        >
          <div
            class="list-button"
          >
            <button
              class="button is-small"
              data-testid="addNew"
              type="button"
            >
              <span
                class="icon is-small"
              >
                <i
                  class="fas fa-plus"
                />
              </span>
              <span>
                Add
              </span>
            </button>
          </div>
          <div
            class="dnd-list"
            data-rbd-droppable-context-id="0"
            data-rbd-droppable-id="2"
          >
            <div
              aria-describedby="rbd-hidden-text-0-hidden-text-0"
              class="is-flex dnd-item"
              data-rbd-drag-handle-context-id="0"
              data-rbd-drag-handle-draggable-id="5"
              data-rbd-draggable-context-id="0"
              data-rbd-draggable-id="5"
              data-testid="draggable5"
              draggable="false"
              role="button"
              tabindex="0"
            >
              <div
                class="is-flex-grow-4"
              >
                <a
                  class="has-text-black"
                  data-testid="editListItem5"
                  href="/lists/2/items/5/edit"
                >
                  item title
                </a>
              </div>
              <div
                class="is-justify-content-flex-end"
              >
                <center>
                  <a
                    class="has-text-black"
                    data-testid="deleteListItem5"
                    href="/lists/2/items/5/delete"
                  >
                    <span
                      class="icon is-small"
                    >
                      <i
                        class="fas fa-trash-alt fa-xs"
                      />
                    </span>
                  </a>
                </center>
              </div>
            </div>
          </div>
        </div>
      </div>
      <div
        class="field is-grouped"
      >
        <p
          class="control"
        >
          <button
            class="button"
            data-testid="submit"
            type="submit"
          >
            SAVE
          </button>
        </p>
        <p
          class="control"
        >
          <button
            class="button"
            data-testid="cancel"
            type="button"
          >
            CANCEL
          </button>
        </p>
        <p
          class="control"
        >
          <button
            class="button is-danger"
            data-testid="delete"
            type="button"
          >
            DELETE
          </button>
        </p>
      </div>
    </form>
  </div>
</DocumentFragment>
`;
