// Jest Snapshot v1, https://goo.gl/fbAQLP

exports[`should match the snapshot 1`] = `
<DocumentFragment>
  <div
    class="container"
  >
    <h3
      class="title"
    >
      USERS
    </h3>
    <nav
      aria-label="breadcrumbs"
      class="breadcrumb"
    >
      <ul>
        <li>
          <a
            href="/"
          >
            Home
          </a>
        </li>
        <li
          class="is-active"
        >
          <a
            aria-current="page"
            href="/users"
          >
            Users
          </a>
        </li>
      </ul>
    </nav>
    <table
      class="table"
    >
      <thead>
        <tr>
          <td>
            User
          </td>
          <td>
            Admin?
          </td>
          <td>
            <button
              class="button is-small"
              data-testid="addNew"
            >
              <span
                class="icon is-small"
              >
                <i
                  class="fas fa-plus"
                />
              </span>
            </button>
          </td>
        </tr>
      </thead>
      <tbody>
        <tr>
          <td>
            <a
              class="has-text-black"
              data-testid="editUser1"
              href="/users/1/edit"
            >
              user1
            </a>
          </td>
          <td>
            <center>
              <span
                class="icon is-small"
              >
                <i
                  class="fas fa-check fa-xs"
                />
              </span>
            </center>
          </td>
          <td>
            <center>
              <a
                class="has-text-black delete"
                data-testid="deleteUser1"
                href="/users/1/delete"
              />
            </center>
          </td>
        </tr>
        <tr>
          <td>
            <a
              class="has-text-black"
              data-testid="editUser2"
              href="/users/2/edit"
            >
              user2
            </a>
          </td>
          <td />
          <td>
            <center>
              <a
                class="has-text-black delete"
                data-testid="deleteUser2"
                href="/users/2/delete"
              />
            </center>
          </td>
        </tr>
      </tbody>
    </table>
  </div>
</DocumentFragment>
`;
